// Jest Snapshot v1, https://goo.gl/fbAQLP

exports[`<Header /> Header snapshot 1`] = `
<header
  className="header  "
>
  <a
    href="/"
    onClick={[Function]}
  >
    <img
      alt="Platzi Video"
      className="header__img"
      src="test-file-stub"
    />
  </a>
  <div
    className="header__menu"
  >
    <a
      className="header__login-link"
      href="/login"
      onClick={[Function]}
    >
      Iniciar Sesi√≥n
    </a>
  </div>
</header>
`;
